<!DOCTYPE html>
<html class="no-js" lang="">
<head>
  <title></title>

  <link rel="shortcut icon" href="{{ url_for('static', filename='/static/img/favicon.png') }}">

  <link rel="stylesheet" href="{{ url_for('static', filename='/static/css/app.min.css') }}"/>

</head>
<body>

  <script type="text/javascript" src="{{ url_for('static', filename='/static/js/app.min.js') }}"></script>

  <script>console.log('random src="to mess with you"');</script>
</body>
</html>
