<!DOCTYPE html>
<html class="no-js" lang="">
<head>
  <title></title>

  <link rel="shortcut icon" href="/static/img/favicon.png">

  <link rel="stylesheet" href="/static/css/app.min.css"/>

</head>
<body>

  <script type="text/javascript" src="/static/js/app.min.js"></script>

  <script>console.log('random src="to mess with you"');</script>
</body>
</html>
